Performing C++ SOURCE FILE Test GGML_COMPILER_SUPPORTS_FP16_FORMAT_I3E failed with the following output:
Change Dir: /home/sunrise/luka_s100/nx_chat/build/CMakeFiles/CMakeTmp

Run Build Command(s):/usr/bin/gmake -f Makefile cmTC_1550d/fast && /usr/bin/gmake  -f CMakeFiles/cmTC_1550d.dir/build.make CMakeFiles/cmTC_1550d.dir/build
gmake[1]: Entering directory '/home/sunrise/luka_s100/nx_chat/build/CMakeFiles/CMakeTmp'
Building CXX object CMakeFiles/cmTC_1550d.dir/src.cxx.o
/usr/bin/c++ -DGGML_COMPILER_SUPPORTS_FP16_FORMAT_I3E  -mfp16-format=ieee -std=gnu++17 -o CMakeFiles/cmTC_1550d.dir/src.cxx.o -c /home/sunrise/luka_s100/nx_chat/build/CMakeFiles/CMakeTmp/src.cxx
c++: error: unrecognized command-line option '-mfp16-format=ieee'
gmake[1]: *** [CMakeFiles/cmTC_1550d.dir/build.make:78: CMakeFiles/cmTC_1550d.dir/src.cxx.o] Error 1
gmake[1]: Leaving directory '/home/sunrise/luka_s100/nx_chat/build/CMakeFiles/CMakeTmp'
gmake: *** [Makefile:127: cmTC_1550d/fast] Error 2


Source file was:
int main() { return 0; }
Performing C++ SOURCE FILE Test GGML_MACHINE_SUPPORTS_i8mm failed with the following compile output:
Change Dir: /home/sunrise/luka_s100/nx_chat/build/CMakeFiles/CMakeTmp

Run Build Command(s):/usr/bin/gmake -f Makefile cmTC_4bddb/fast && /usr/bin/gmake  -f CMakeFiles/cmTC_4bddb.dir/build.make CMakeFiles/cmTC_4bddb.dir/build
gmake[1]: Entering directory '/home/sunrise/luka_s100/nx_chat/build/CMakeFiles/CMakeTmp'
Building CXX object CMakeFiles/cmTC_4bddb.dir/src.cxx.o
/usr/bin/c++ -DGGML_MACHINE_SUPPORTS_i8mm  -mcpu=cortex-a78ae+crypto+flagm+pauth+noprofile+nossbs+i8mm -std=gnu++17 -o CMakeFiles/cmTC_4bddb.dir/src.cxx.o -c /home/sunrise/luka_s100/nx_chat/build/CMakeFiles/CMakeTmp/src.cxx
Linking CXX executable cmTC_4bddb
/usr/bin/cmake -E cmake_link_script CMakeFiles/cmTC_4bddb.dir/link.txt --verbose=1
/usr/bin/c++  -mcpu=cortex-a78ae+crypto+flagm+pauth+noprofile+nossbs+i8mm CMakeFiles/cmTC_4bddb.dir/src.cxx.o -o cmTC_4bddb 
gmake[1]: Leaving directory '/home/sunrise/luka_s100/nx_chat/build/CMakeFiles/CMakeTmp'


...and run output:
Illegal instruction
Return value: FAILED_TO_RUN
Source file was:
#include <arm_neon.h>
int main() { int8x16_t _a, _b; volatile int32x4_t _s = vmmlaq_s32(_s, _a, _b); return 0; }
Performing C++ SOURCE FILE Test GGML_MACHINE_SUPPORTS_sve failed with the following compile output:
Change Dir: /home/sunrise/luka_s100/nx_chat/build/CMakeFiles/CMakeTmp

Run Build Command(s):/usr/bin/gmake -f Makefile cmTC_0c292/fast && /usr/bin/gmake  -f CMakeFiles/cmTC_0c292.dir/build.make CMakeFiles/cmTC_0c292.dir/build
gmake[1]: Entering directory '/home/sunrise/luka_s100/nx_chat/build/CMakeFiles/CMakeTmp'
Building CXX object CMakeFiles/cmTC_0c292.dir/src.cxx.o
/usr/bin/c++ -DGGML_MACHINE_SUPPORTS_sve  -mcpu=cortex-a78ae+crypto+flagm+pauth+noprofile+nossbs+sve -std=gnu++17 -o CMakeFiles/cmTC_0c292.dir/src.cxx.o -c /home/sunrise/luka_s100/nx_chat/build/CMakeFiles/CMakeTmp/src.cxx
Linking CXX executable cmTC_0c292
/usr/bin/cmake -E cmake_link_script CMakeFiles/cmTC_0c292.dir/link.txt --verbose=1
/usr/bin/c++  -mcpu=cortex-a78ae+crypto+flagm+pauth+noprofile+nossbs+sve CMakeFiles/cmTC_0c292.dir/src.cxx.o -o cmTC_0c292 
gmake[1]: Leaving directory '/home/sunrise/luka_s100/nx_chat/build/CMakeFiles/CMakeTmp'


...and run output:
Illegal instruction
Return value: FAILED_TO_RUN
Source file was:
#include <arm_sve.h>
int main()  { svfloat32_t _a, _b; volatile svfloat32_t _c = svadd_f32_z(svptrue_b8(), _a, _b); return 0; }
Performing C++ SOURCE FILE Test GGML_MACHINE_SUPPORTS_sme failed with the following compile output:
Change Dir: /home/sunrise/luka_s100/nx_chat/build/CMakeFiles/CMakeTmp

Run Build Command(s):/usr/bin/gmake -f Makefile cmTC_d50a6/fast && /usr/bin/gmake  -f CMakeFiles/cmTC_d50a6.dir/build.make CMakeFiles/cmTC_d50a6.dir/build
gmake[1]: Entering directory '/home/sunrise/luka_s100/nx_chat/build/CMakeFiles/CMakeTmp'
Building CXX object CMakeFiles/cmTC_d50a6.dir/src.cxx.o
/usr/bin/c++ -DGGML_MACHINE_SUPPORTS_sme  -mcpu=cortex-a78ae+crypto+flagm+pauth+noprofile+nossbs+sme -std=gnu++17 -o CMakeFiles/cmTC_d50a6.dir/src.cxx.o -c /home/sunrise/luka_s100/nx_chat/build/CMakeFiles/CMakeTmp/src.cxx
cc1plus: error: invalid feature modifier 'sme' in '-mcpu=cortex-a78ae+crypto+flagm+pauth+noprofile+nossbs+sme'
cc1plus: note: valid arguments are: fp simd crypto crc lse fp16 rcpc rdma dotprod aes sha2 sha3 sm4 fp16fml sve profile rng memtag sb ssbs predres sve2 sve2-sm4 sve2-aes sve2-sha3 sve2-bitperm tme i8mm f32mm f64mm bf16 flagm pauth; did you mean 'sm4'?
gmake[1]: *** [CMakeFiles/cmTC_d50a6.dir/build.make:78: CMakeFiles/cmTC_d50a6.dir/src.cxx.o] Error 1
gmake[1]: Leaving directory '/home/sunrise/luka_s100/nx_chat/build/CMakeFiles/CMakeTmp'
gmake: *** [Makefile:127: cmTC_d50a6/fast] Error 2


...and run output:

Return value: 1
Source file was:
#include <arm_sme.h>
__arm_locally_streaming int main() { __asm__ volatile("smstart; smstop;"); return 0; }
Performing C++ SOURCE FILE Test GGML_MACHINE_SUPPORTS_nosme failed with the following output:
Change Dir: /home/sunrise/luka_s100/nx_chat/build/CMakeFiles/CMakeTmp

Run Build Command(s):/usr/bin/gmake -f Makefile cmTC_f561b/fast && /usr/bin/gmake  -f CMakeFiles/cmTC_f561b.dir/build.make CMakeFiles/cmTC_f561b.dir/build
gmake[1]: Entering directory '/home/sunrise/luka_s100/nx_chat/build/CMakeFiles/CMakeTmp'
Building CXX object CMakeFiles/cmTC_f561b.dir/src.cxx.o
/usr/bin/c++ -DGGML_MACHINE_SUPPORTS_nosme  -mcpu=cortex-a78ae+crypto+flagm+pauth+noprofile+nossbs+nosme -std=gnu++17 -o CMakeFiles/cmTC_f561b.dir/src.cxx.o -c /home/sunrise/luka_s100/nx_chat/build/CMakeFiles/CMakeTmp/src.cxx
cc1plus: error: invalid feature modifier 'sme' in '-mcpu=cortex-a78ae+crypto+flagm+pauth+noprofile+nossbs+nosme'
cc1plus: note: valid arguments are: fp simd crypto crc lse fp16 rcpc rdma dotprod aes sha2 sha3 sm4 fp16fml sve profile rng memtag sb ssbs predres sve2 sve2-sm4 sve2-aes sve2-sha3 sve2-bitperm tme i8mm f32mm f64mm bf16 flagm pauth; did you mean 'sm4'?
gmake[1]: *** [CMakeFiles/cmTC_f561b.dir/build.make:78: CMakeFiles/cmTC_f561b.dir/src.cxx.o] Error 1
gmake[1]: Leaving directory '/home/sunrise/luka_s100/nx_chat/build/CMakeFiles/CMakeTmp'
gmake: *** [Makefile:127: cmTC_f561b/fast] Error 2


Source file was:
int main() { return 0; }
Performing C++ SOURCE FILE Test HAVE_SVE failed with the following output:
Change Dir: /home/sunrise/luka_s100/nx_chat/build/CMakeFiles/CMakeTmp

Run Build Command(s):/usr/bin/gmake -f Makefile cmTC_977b2/fast && /usr/bin/gmake  -f CMakeFiles/cmTC_977b2.dir/build.make CMakeFiles/cmTC_977b2.dir/build
gmake[1]: Entering directory '/home/sunrise/luka_s100/nx_chat/build/CMakeFiles/CMakeTmp'
Building CXX object CMakeFiles/cmTC_977b2.dir/src.cxx.o
/usr/bin/c++ -DHAVE_SVE  -U__ARM_FEATURE_MATMUL_INT8 -U__ARM_FEATURE_SVE -mcpu=cortex-a78ae+crypto+flagm+pauth+noprofile+nossbs+dotprod+noi8mm+nosve -std=gnu++17 -o CMakeFiles/cmTC_977b2.dir/src.cxx.o -c /home/sunrise/luka_s100/nx_chat/build/CMakeFiles/CMakeTmp/src.cxx
/home/sunrise/luka_s100/nx_chat/build/CMakeFiles/CMakeTmp/src.cxx:3:24: error: #error "Feature SVE is not defined"
    3 |                     #  error "Feature SVE is not defined"
      |                        ^~~~~
gmake[1]: *** [CMakeFiles/cmTC_977b2.dir/build.make:78: CMakeFiles/cmTC_977b2.dir/src.cxx.o] Error 1
gmake[1]: Leaving directory '/home/sunrise/luka_s100/nx_chat/build/CMakeFiles/CMakeTmp'
gmake: *** [Makefile:127: cmTC_977b2/fast] Error 2


Source file was:

                    #if !defined(__ARM_FEATURE_SVE)
                    #  error "Feature SVE is not defined"
                    #endif
                    int main() { return 0; }
                    
Performing C++ SOURCE FILE Test HAVE_MATMUL_INT8 failed with the following output:
Change Dir: /home/sunrise/luka_s100/nx_chat/build/CMakeFiles/CMakeTmp

Run Build Command(s):/usr/bin/gmake -f Makefile cmTC_6678d/fast && /usr/bin/gmake  -f CMakeFiles/cmTC_6678d.dir/build.make CMakeFiles/cmTC_6678d.dir/build
gmake[1]: Entering directory '/home/sunrise/luka_s100/nx_chat/build/CMakeFiles/CMakeTmp'
Building CXX object CMakeFiles/cmTC_6678d.dir/src.cxx.o
/usr/bin/c++ -DHAVE_MATMUL_INT8  -U__ARM_FEATURE_MATMUL_INT8 -U__ARM_FEATURE_SVE -mcpu=cortex-a78ae+crypto+flagm+pauth+noprofile+nossbs+dotprod+noi8mm+nosve -std=gnu++17 -o CMakeFiles/cmTC_6678d.dir/src.cxx.o -c /home/sunrise/luka_s100/nx_chat/build/CMakeFiles/CMakeTmp/src.cxx
/home/sunrise/luka_s100/nx_chat/build/CMakeFiles/CMakeTmp/src.cxx:3:24: error: #error "Feature MATMUL_INT8 is not defined"
    3 |                     #  error "Feature MATMUL_INT8 is not defined"
      |                        ^~~~~
gmake[1]: *** [CMakeFiles/cmTC_6678d.dir/build.make:78: CMakeFiles/cmTC_6678d.dir/src.cxx.o] Error 1
gmake[1]: Leaving directory '/home/sunrise/luka_s100/nx_chat/build/CMakeFiles/CMakeTmp'
gmake: *** [Makefile:127: cmTC_6678d/fast] Error 2


Source file was:

                    #if !defined(__ARM_FEATURE_MATMUL_INT8)
                    #  error "Feature MATMUL_INT8 is not defined"
                    #endif
                    int main() { return 0; }
                    
Performing C++ SOURCE FILE Test HAVE_SME failed with the following output:
Change Dir: /home/sunrise/luka_s100/nx_chat/build/CMakeFiles/CMakeTmp

Run Build Command(s):/usr/bin/gmake -f Makefile cmTC_881e2/fast && /usr/bin/gmake  -f CMakeFiles/cmTC_881e2.dir/build.make CMakeFiles/cmTC_881e2.dir/build
gmake[1]: Entering directory '/home/sunrise/luka_s100/nx_chat/build/CMakeFiles/CMakeTmp'
Building CXX object CMakeFiles/cmTC_881e2.dir/src.cxx.o
/usr/bin/c++ -DHAVE_SME  -U__ARM_FEATURE_MATMUL_INT8 -U__ARM_FEATURE_SVE -mcpu=cortex-a78ae+crypto+flagm+pauth+noprofile+nossbs+dotprod+noi8mm+nosve -std=gnu++17 -o CMakeFiles/cmTC_881e2.dir/src.cxx.o -c /home/sunrise/luka_s100/nx_chat/build/CMakeFiles/CMakeTmp/src.cxx
/home/sunrise/luka_s100/nx_chat/build/CMakeFiles/CMakeTmp/src.cxx:3:24: error: #error "Feature SME is not defined"
    3 |                     #  error "Feature SME is not defined"
      |                        ^~~~~
gmake[1]: *** [CMakeFiles/cmTC_881e2.dir/build.make:78: CMakeFiles/cmTC_881e2.dir/src.cxx.o] Error 1
gmake[1]: Leaving directory '/home/sunrise/luka_s100/nx_chat/build/CMakeFiles/CMakeTmp'
gmake: *** [Makefile:127: cmTC_881e2/fast] Error 2


Source file was:

                    #if !defined(__ARM_FEATURE_SME)
                    #  error "Feature SME is not defined"
                    #endif
                    int main() { return 0; }
                    
