Looking in indexes: https://pypi.tuna.tsinghua.edu.cn/simple
Collecting torch==2.6.0
  Downloading https://pypi.tuna.tsinghua.edu.cn/packages/86/86/e661e229df2f5bfc6eab4c97deb1286d598bbeff31ab0cdb99b3c0d53c6f/torch-2.6.0-cp310-cp310-manylinux_2_28_aarch64.whl (95.8 MB)
     ━━━━━━━━━━━━━━━━━━━━━━━━━━━━━━━━━━━━━━━━ 95.8/95.8 MB 2.3 MB/s eta 0:00:00
Collecting torchvision==0.21.0
  Downloading https://pypi.tuna.tsinghua.edu.cn/packages/a9/20/72eb0b5b08fa293f20fc41c374e37cf899f0033076f0144d2cdc48f9faee/torchvision-0.21.0-1-cp310-cp310-manylinux_2_28_aarch64.whl (2.3 MB)
     ━━━━━━━━━━━━━━━━━━━━━━━━━━━━━━━━━━━━━━━━ 2.3/2.3 MB 22.4 MB/s eta 0:00:00
Collecting ultralytics
  Downloading https://pypi.tuna.tsinghua.edu.cn/packages/2f/aa/22129f2ba8a0732a0ad7bec7e7f7d8a64d472e12965db1a91c8be5f6fc16/ultralytics-8.4.172-py3-none-any.whl (1.4 MB)
     ━━━━━━━━━━━━━━━━━━━━━━━━━━━━━━━━━━━━━━━━ 1.4/1.4 MB 5.2 MB/s eta 0:00:00
Requirement already satisfied: numpy<2 in /usr/local/lib/python3.10/dist-packages (1.26.4)
Collecting filelock
  Downloading https://pypi.tuna.tsinghua.edu.cn/packages/01/4f/83454fafd628e1e7e1726d74e44fb2332be5969d04c6182ca1fecb6c580e/filelock-4.0.9-py3-none-any.whl (110 kB)
     ━━━━━━━━━━━━━━━━━━━━━━━━━━━━━━━━━━━━━━━ 110.4/110.4 KB 8.2 MB/s eta 0:00:00
Collecting jinja2
  Downloading https://pypi.tuna.tsinghua.edu.cn/packages/62/a1/3d680cbfd5f4b8f15abc1d571870c5fc3e594bb582bc3b64ea099db13e56/jinja2-3.1.6-py3-none-any.whl (134 kB)
     ━━━━━━━━━━━━━━━━━━━━━━━━━━━━━━━━━━━━━━ 134.9/134.9 KB 10.2 MB/s eta 0:00:00
Collecting fsspec
  Downloading https://pypi.tuna.tsinghua.edu.cn/packages/6c/c0/a98505f18594f1bce828bb159cec0fcf9860562f1a2c85913409fc8f3d9e/fsspec-2026.9.0-py3-none-any.whl (221 kB)
     ━━━━━━━━━━━━━━━━━━━━━━━━━━━━━━━━━━━━━━━ 221.7/221.7 KB 9.8 MB/s eta 0:00:00
Requirement already satisfied: typing-extensions>=4.10.0 in /usr/local/lib/python3.10/dist-packages (from torch==2.6.0) (4.15.0)
Collecting networkx
  Downloading https://pypi.tuna.tsinghua.edu.cn/packages/b9/54/dd730b32ea14ea797530a4479b2ed46a6fb250f682a9cfb997e968bf0261/networkx-3.4.2-py3-none-any.whl (1.7 MB)
     ━━━━━━━━━━━━━━━━━━━━━━━━━━━━━━━━━━━━━━━━ 1.7/1.7 MB 14.9 MB/s eta 0:00:00
Collecting sympy==1.13.1
  Downloading https://pypi.tuna.tsinghua.edu.cn/packages/b2/fe/81695a1aa331a842b582453b605175f419fe8540355886031328089d840a/sympy-1.13.1-py3-none-any.whl (6.2 MB)
     ━━━━━━━━━━━━━━━━━━━━━━━━━━━━━━━━━━━━━━━━ 6.2/6.2 MB 16.7 MB/s eta 0:00:00
Requirement already satisfied: pillow!=8.3.*,>=5.3.0 in /usr/lib/python3/dist-packages (from torchvision==0.21.0) (9.0.1)
Collecting mpmath<1.4,>=1.1.0
  Downloading https://pypi.tuna.tsinghua.edu.cn/packages/43/e3/7d92a15f894aa0c9c4b49b8ee9ac9850d6e63b03c9c32c0367a13ae62209/mpmath-1.3.0-py3-none-any.whl (536 kB)
     ━━━━━━━━━━━━━━━━━━━━━━━━━━━━━━━━━━━━━━ 536.2/536.2 KB 13.0 MB/s eta 0:00:00
Collecting nvidia-ml-py>=12.0.0
  Downloading https://pypi.tuna.tsinghua.edu.cn/packages/53/a1/1681dfa1c904d4e3e72e51b55a0ff012d50b766843ef832d584abe2113c6/nvidia_ml_py-13.615.71-py3-none-any.whl (58 kB)
     ━━━━━━━━━━━━━━━━━━━━━━━━━━━━━━━━━━━━━━━━ 58.1/58.1 KB 3.0 MB/s eta 0:00:00
Requirement already satisfied: psutil>=5.8.0 in /usr/lib/python3/dist-packages (from ultralytics) (5.9.0)
Collecting requests>=2.23.0
  Downloading https://pypi.tuna.tsinghua.edu.cn/packages/a0/f4/c67b0b3f1b9245e8d266f0f112c500d50e5b4e83cb6f3b71b6528104182a/requests-2.34.2-py3-none-any.whl (73 kB)
     ━━━━━━━━━━━━━━━━━━━━━━━━━━━━━━━━━━━━━━━━ 73.1/73.1 KB 7.2 MB/s eta 0:00:00
Requirement already satisfied: opencv-python!=4.13.0.90,>=4.7.0 in /usr/local/lib/python3.10/dist-packages (from ultralytics) (4.11.0.86)
Requirement already satisfied: matplotlib>=3.3.0 in /usr/local/lib/python3.10/dist-packages (from ultralytics) (3.10.7)
Requirement already satisfied: pyyaml>=5.3.1 in /usr/lib/python3/dist-packages (from ultralytics) (5.4.1)
Collecting polars>=0.20.0
  Downloading https://pypi.tuna.tsinghua.edu.cn/packages/51/6d/3014112c7f717d1253223faa13b6db3ac3a64ed00ab2a3bc1b942bc9cdd4/polars-1.44.2-py3-none-any.whl (865 kB)
     ━━━━━━━━━━━━━━━━━━━━━━━━━━━━━━━━━━━━━━ 865.8/865.8 KB 15.7 MB/s eta 0:00:00
Collecting ultralytics-thop>=2.2.2
  Downloading https://pypi.tuna.tsinghua.edu.cn/packages/e7/53/0141f38ee122fc25b234ad1318e0c87050f3dfa84158f8dd46cd0c90da1a/ultralytics_thop-2.2.2-py3-none-any.whl (32 kB)
Requirement already satisfied: python-dateutil>=2.7 in /usr/lib/python3/dist-packages (from matplotlib>=3.3.0->ultralytics) (2.8.1)
Requirement already satisfied: kiwisolver>=1.3.1 in /usr/local/lib/python3.10/dist-packages (from matplotlib>=3.3.0->ultralytics) (1.4.9)
Requirement already satisfied: cycler>=0.10 in /usr/local/lib/python3.10/dist-packages (from matplotlib>=3.3.0->ultralytics) (0.12.1)
Requirement already satisfied: contourpy>=1.0.1 in /usr/local/lib/python3.10/dist-packages (from matplotlib>=3.3.0->ultralytics) (1.3.2)
Requirement already satisfied: packaging>=20.0 in /usr/local/lib/python3.10/dist-packages (from matplotlib>=3.3.0->ultralytics) (25.0)
Requirement already satisfied: pyparsing>=3 in /usr/local/lib/python3.10/dist-packages (from matplotlib>=3.3.0->ultralytics) (3.2.5)
Requirement already satisfied: fonttools>=4.22.0 in /usr/local/lib/python3.10/dist-packages (from matplotlib>=3.3.0->ultralytics) (4.60.1)
Collecting polars-runtime-32==1.44.2
  Downloading https://pypi.tuna.tsinghua.edu.cn/packages/4e/4f/076626ce93ddd622203c4b27be2a96d034cf5b24110c52e96e6029f0ea33/polars_runtime_32-1.44.2-cp310-abi3-manylinux_2_17_aarch64.manylinux2014_aarch64.whl (46.6 MB)
     ━━━━━━━━━━━━━━━━━━━━━━━━━━━━━━━━━━━━━━━━ 46.6/46.6 MB 13.5 MB/s eta 0:00:00
Requirement already satisfied: urllib3<3,>=1.26 in /usr/lib/python3/dist-packages (from requests>=2.23.0->ultralytics) (1.26.5)
Collecting certifi>=2023.5.7
  Downloading https://pypi.tuna.tsinghua.edu.cn/packages/0b/a7/71ac2cff56fec219ed242bb11b8efb69fcc4bec75db06fb7bfe35de520e6/certifi-2026.7.22-py3-none-any.whl (136 kB)
     ━━━━━━━━━━━━━━━━━━━━━━━━━━━━━━━━━━━━━━ 137.0/137.0 KB 13.2 MB/s eta 0:00:00
Collecting charset_normalizer<4,>=2
  Downloading https://pypi.tuna.tsinghua.edu.cn/packages/52/fc/e518013affcc43c9f919c3ba41bffe9b4ee4aceb0a6462a6243efcca5f2d/charset_normalizer-3.5.2-cp310-cp310-manylinux2014_aarch64.manylinux_2_17_aarch64.manylinux_2_28_aarch64.whl (260 kB)
     ━━━━━━━━━━━━━━━━━━━━━━━━━━━━━━━━━━━━━━ 260.9/260.9 KB 17.3 MB/s eta 0:00:00
Collecting idna<4,>=2.5
  Downloading https://pypi.tuna.tsinghua.edu.cn/packages/58/a2/bb081bab032533a855d44de1d56f8e8426114ff1ba5d1f07a438a0a654f8/idna-3.20-py3-none-any.whl (69 kB)
     ━━━━━━━━━━━━━━━━━━━━━━━━━━━━━━━━━━━━━━━━ 69.6/69.6 KB 6.5 MB/s eta 0:00:00
Requirement already satisfied: MarkupSafe>=2.0 in /usr/lib/python3/dist-packages (from jinja2->torch==2.6.0) (2.0.1)
Installing collected packages: nvidia-ml-py, mpmath, sympy, polars-runtime-32, networkx, jinja2, idna, fsspec, filelock, charset_normalizer, certifi, torch, requests, polars, ultralytics-thop, torchvision, ultralytics
  Attempting uninstall: certifi
    Found existing installation: certifi 2020.6.20
    Not uninstalling certifi at /usr/lib/python3/dist-packages, outside environment /home/sunrise/luka_ws/perception/person_follow/yolo26_venv
    Can't uninstall 'certifi'. No files were found to uninstall.
Successfully installed certifi-2026.7.22 charset_normalizer-3.5.2 filelock-4.0.9 fsspec-2026.9.0 idna-3.20 jinja2-3.1.6 mpmath-1.3.0 networkx-3.4.2 nvidia-ml-py-13.615.71 polars-1.44.2 polars-runtime-32-1.44.2 requests-2.34.2 sympy-1.13.1 torch-2.6.0 torchvision-0.21.0 ultralytics-8.4.172 ultralytics-thop-2.2.2
